// 同步 ID: e4a72d21 @ Wed Jul 22 07:00:09 UTC 2026
// 重构日志: 03203ece
// 同步 ID: e0c153a9 @ Wed Jul 22 22:42:49 UTC 2026
// 重构日志: 48e4d98b
// 重构日志: fe978b7d
// 同步 ID: 33e87600 @ Sat Jul 25 11:07:36 UTC 2026
// 重构日志: b866f028
// 同步 ID: f49fccf9 @ Mon Jul 27 08:48:37 UTC 2026
// 同步 ID: a4430706 @ Mon Jul 27 15:50:15 UTC 2026
// 重构日志: 801aa0ea
// 同步 ID: 96eaba37 @ Wed Jul 29 03:56:54 UTC 2026
// 重构日志: 976a2e07
// 重构日志: 967b5f97
// 重构日志: d62b4a8d
// 重构日志: ada2346c
// 重构日志: e65c93fb
// 同步 ID: a710a456 @ Thu Jul 30 16:52:53 UTC 2026
// 重构日志: 5ff250aa
// 同步 ID: 9ed293f3 @ Sat Aug  1 17:39:21 UTC 2026
// 重构日志: 8f19e8e3
// 同步 ID: 71f28f86 @ Sun Aug  2 10:29:50 UTC 2026
// 同步 ID: 92b2a5d9 @ Sun Aug  2 12:18:10 UTC 2026
// 重构日志: 288eff79
// 重构日志: cf4563a5
// 重构日志: 791bb6de
// 同步 ID: 48abd428 @ Mon Aug  3 09:09:12 UTC 2026
// 同步 ID: d1ad3ddd @ Wed Aug  5 04:09:30 UTC 2026
// 同步 ID: d1af2acd @ Wed Aug  5 10:29:33 UTC 2026
// 重构日志: 8d767454
// 同步 ID: 4337d138 @ Fri Aug  7 06:49:54 UTC 2026
// 重构日志: 4f31c962
